// Jest Snapshot v1, https://goo.gl/fbAQLP

exports[`App testing renders correctly App 1`] = `
<div
  className="App"
>
  <BrowserRouter>
    <Header
      text="PlayerApp"
    />
    <Route
      component={[Function]}
      exact={true}
      path="/"
    />
    <Route
      component={[Function]}
      exact={true}
      path="/AddPlayer"
    />
    <Route
      component={[Function]}
      exact={true}
      path="/ShowPlayer"
    />
  </BrowserRouter>
</div>
`;
