// Jest Snapshot v1, https://goo.gl/fbAQLP

exports[`Header testing renders correctly Header 1`] = `
<nav
  class="navbar navbar-expand-lg navbar-dark bg-dark"
>
  <Link
    class="navbar-brand"
    to="/"
  >
    Playerapp
  </Link>
  <ul
    class="navbar-nav me-auto mb-2 mb-lg-0"
  >
    <li
      class="nav-item"
    >
      <Link
        aria-current="page"
        class="nav-link active"
        to="/AddPlayer"
      >
        Add Player
      </Link>
    </li>
    <li
      class="nav-item"
    >
      <Link
        aria-current="page"
        class="nav-link active"
        to="/ShowPlayer"
      >
        Show Player
      </Link>
    </li>
  </ul>
</nav>
`;
