// Jest Snapshot v1, https://goo.gl/fbAQLP

exports[`Show Player Testing renders correctly Showplayer 1`] = `undefined`;
